// Jest Snapshot v1, https://goo.gl/fbAQLP

exports[`Collector works correctly 1`] = `
Judgement {
  "children": [
    Group {
      "children": [
        Test {
          "diff": Diff {
            "actual": "false",
            "expected": "false",
          },
          "feedback": "Top! Je hebt niets veranderd aan de sprite Scherm.",
          "messages": [],
          "name": "Scherm",
          "status": "correct",
        },
        Test {
          "diff": Diff {
            "actual": "false",
            "expected": "false",
          },
          "feedback": "Top! Je hebt niets veranderd aan de blokjes van sprite Scherm.",
          "messages": [],
          "name": "Scherm",
          "status": "correct",
        },
        Test {
          "diff": Diff {
            "actual": "false",
            "expected": "false",
          },
          "feedback": "Top! Je hebt niets veranderd aan de sprite Boodschap 1.",
          "messages": [],
          "name": "Boodschap 1",
          "status": "correct",
        },
        Test {
          "diff": Diff {
            "actual": "false",
            "expected": "false",
          },
          "feedback": "Top! Je hebt niets veranderd aan de blokjes van sprite Boodschap 1.",
          "messages": [],
          "name": "Boodschap 1",
          "status": "correct",
        },
        Test {
          "diff": Diff {
            "actual": "false",
            "expected": "false",
          },
          "feedback": "Top! Je hebt niets veranderd aan het speelveld.",
          "messages": [],
          "name": "Speelveld",
          "status": "correct",
        },
        Test {
          "diff": Diff {
            "actual": "false",
            "expected": "false",
          },
          "feedback": "Top! Je hebt niets veranderd aan de blokjes van het speelveld.",
          "messages": [],
          "name": "Speelveld",
          "status": "correct",
        },
        Test {
          "diff": Diff {
            "actual": "true",
            "expected": "true",
          },
          "feedback": "Goed zo! Je hebt geen losse blokjes laten rondslingeren.",
          "messages": [],
          "name": "Planeet",
          "status": "correct",
        },
        Test {
          "diff": Diff {
            "actual": "true",
            "expected": "true",
          },
          "feedback": "Je hebt niets veranderd aan de voorgeprogrammeerde blokjes van de sprite Planeet.",
          "messages": [],
          "name": "Planeet",
          "status": "correct",
        },
        Test {
          "diff": Diff {
            "actual": "true",
            "expected": "true",
          },
          "feedback": "Goed zo! Je hebt geen losse blokjes laten rondslingeren.",
          "messages": [],
          "name": "Vijand 1",
          "status": "correct",
        },
        Test {
          "diff": Diff {
            "actual": "true",
            "expected": "true",
          },
          "feedback": "Je hebt niets veranderd aan de voorgeprogrammeerde blokjes van de sprite Vijand 1.",
          "messages": [],
          "name": "Vijand 1",
          "status": "correct",
        },
        Test {
          "diff": Diff {
            "actual": "true",
            "expected": "true",
          },
          "feedback": "Goed zo! Je hebt geen losse blokjes laten rondslingeren.",
          "messages": [],
          "name": "Vijand 2",
          "status": "correct",
        },
        Test {
          "diff": Diff {
            "actual": "true",
            "expected": "true",
          },
          "feedback": "Je hebt niets veranderd aan de voorgeprogrammeerde blokjes van de sprite Vijand 2.",
          "messages": [],
          "name": "Vijand 2",
          "status": "runtime error",
        },
        Test {
          "diff": Diff {
            "actual": "true",
            "expected": "true",
          },
          "feedback": "Goed zo! Je hebt geen losse blokjes laten rondslingeren.",
          "messages": [],
          "name": "Voedsel 1",
          "status": "correct",
        },
        Test {
          "diff": Diff {
            "actual": "true",
            "expected": "true",
          },
          "feedback": "Je hebt niets veranderd aan de voorgeprogrammeerde blokjes van de sprite Voedsel 1.",
          "messages": [],
          "name": "Voedsel 1",
          "status": "correct",
        },
        Test {
          "diff": Diff {
            "actual": "true",
            "expected": "true",
          },
          "feedback": "Goed zo! Je hebt geen losse blokjes laten rondslingeren.",
          "messages": [],
          "name": "Voedsel 2",
          "status": "correct",
        },
        Test {
          "diff": Diff {
            "actual": "true",
            "expected": "true",
          },
          "feedback": "Je hebt niets veranderd aan de voorgeprogrammeerde blokjes van de sprite Voedsel 2.",
          "messages": [],
          "name": "Voedsel 2",
          "status": "correct",
        },
        Test {
          "diff": Diff {
            "actual": "true",
            "expected": "true",
          },
          "feedback": "Goed zo! Je hebt geen losse blokjes laten rondslingeren.",
          "messages": [],
          "name": "Voedsel 3",
          "status": "correct",
        },
        Test {
          "diff": Diff {
            "actual": "true",
            "expected": "true",
          },
          "feedback": "Je hebt niets veranderd aan de voorgeprogrammeerde blokjes van de sprite Voedsel 3.",
          "messages": [],
          "name": "Voedsel 3",
          "status": "correct",
        },
        Test {
          "diff": Diff {
            "actual": "true",
            "expected": "true",
          },
          "feedback": "Goed zo! Je hebt geen losse blokjes laten rondslingeren.",
          "messages": [],
          "name": "Voedsel 4",
          "status": "correct",
        },
        Test {
          "diff": Diff {
            "actual": "true",
            "expected": "true",
          },
          "feedback": "Je hebt niets veranderd aan de voorgeprogrammeerde blokjes van de sprite Voedsel 4.",
          "messages": [],
          "name": "Voedsel 4",
          "status": "correct",
        },
      ],
      "messages": [],
      "name": "Controle op bestaande code",
      "sprite": undefined,
      "status": "runtime error",
      "summary": undefined,
      "visibility": "show",
    },
    Group {
      "children": [
        Test {
          "diff": Diff {
            "actual": "control_forever",
            "expected": "control_forever",
          },
          "feedback": "De planeet kan oneindig lang bewegen.",
          "messages": [],
          "name": "Juiste lus",
          "status": "correct",
        },
        Test {
          "diff": Diff {
            "actual": "true",
            "expected": "true",
          },
          "feedback": "De planeet richt zich naar de muis.",
          "messages": [],
          "name": "Richt naar de muis",
          "status": "correct",
        },
        Test {
          "diff": Diff {
            "actual": "true",
            "expected": "true",
          },
          "feedback": "De planeet zet 5 stappen.",
          "messages": [],
          "name": "Beweegt",
          "status": "correct",
        },
        Test {
          "diff": Diff {
            "actual": "true",
            "expected": "true",
          },
          "feedback": "De planeet verandert zijn grootte.",
          "messages": [],
          "name": "Planeet verandert grootte",
          "status": "correct",
        },
        Test {
          "diff": Diff {
            "actual": "true",
            "expected": "true",
          },
          "feedback": "De planeet verandert zijn snelheid.",
          "messages": [],
          "name": "Planeet verandert snelheid",
          "status": "correct",
        },
      ],
      "messages": [],
      "name": "Test voor Planeet.",
      "sprite": undefined,
      "status": undefined,
      "summary": undefined,
      "visibility": "show",
    },
    Group {
      "children": [
        Test {
          "diff": Diff {
            "actual": "control_forever",
            "expected": "control_forever",
          },
          "feedback": "De planeet kan oneindig lang bewegen.",
          "messages": [],
          "name": "Juiste lus",
          "status": "correct",
        },
        Test {
          "diff": Diff {
            "actual": "true",
            "expected": "true",
          },
          "feedback": "Vijand 1 beweegt zich binnen de 5 seconden naar een willekeurige positie.",
          "messages": [],
          "name": "Richt naar de muis",
          "status": "correct",
        },
      ],
      "messages": [],
      "name": "Test voor Vijand 1.",
      "sprite": undefined,
      "status": undefined,
      "summary": undefined,
      "visibility": "show",
    },
    Group {
      "children": [
        Test {
          "diff": Diff {
            "actual": "control_forever",
            "expected": "control_forever",
          },
          "feedback": "De planeet kan oneindig lang bewegen.",
          "messages": [],
          "name": "Juiste lus",
          "status": "correct",
        },
        Test {
          "diff": Diff {
            "actual": "true",
            "expected": "true",
          },
          "feedback": "Vijand 2 beweegt zich binnen de 5 seconden naar een willekeurige positie.",
          "messages": [],
          "name": "Richt naar de muis",
          "status": "correct",
        },
      ],
      "messages": [],
      "name": "Test voor Vijand 2.",
      "sprite": undefined,
      "status": undefined,
      "summary": undefined,
      "visibility": "show",
    },
    Group {
      "children": [
        Test {
          "diff": Diff {
            "actual": "control_forever",
            "expected": "control_forever",
          },
          "feedback": "De planeet kan oneindig lang bewegen.",
          "messages": [],
          "name": "Juiste lus",
          "status": "correct",
        },
        Test {
          "diff": Diff {
            "actual": "looks_hide",
            "expected": "looks_hide",
          },
          "feedback": "Voedsel 1 begint onzichtbaar.",
          "messages": [],
          "name": "Verdwijnt",
          "status": "correct",
        },
        Test {
          "diff": Diff {
            "actual": "true",
            "expected": "true",
          },
          "feedback": "Voedsel 1 wacht één seconde.",
          "messages": [],
          "name": "Wacht",
          "status": "correct",
        },
        Test {
          "diff": Diff {
            "actual": "true",
            "expected": "true",
          },
          "feedback": "Voedsel 1 gaat naar een willekeurige positie.",
          "messages": [],
          "name": "Willekeurige positie",
          "status": "correct",
        },
        Test {
          "diff": Diff {
            "actual": "looks_show",
            "expected": "looks_show",
          },
          "feedback": ":AIO_TP_VerschijntJuist",
          "messages": [],
          "name": "Verschijn",
          "status": "correct",
        },
        Test {
          "diff": Diff {
            "actual": "true",
            "expected": "true",
          },
          "feedback": "Voedsel 1 beweegt in een willekeurige richting tot het de planeet raakt.",
          "messages": [],
          "name": "Beweeg tot raak",
          "status": "correct",
        },
      ],
      "messages": [],
      "name": "Test voor Voedsel 1",
      "sprite": undefined,
      "status": undefined,
      "summary": undefined,
      "visibility": "show",
    },
    Group {
      "children": [
        Test {
          "diff": Diff {
            "actual": "control_forever",
            "expected": "control_forever",
          },
          "feedback": "De planeet kan oneindig lang bewegen.",
          "messages": [],
          "name": "Juiste lus",
          "status": "correct",
        },
        Test {
          "diff": Diff {
            "actual": "looks_hide",
            "expected": "looks_hide",
          },
          "feedback": "Voedsel 2 begint onzichtbaar.",
          "messages": [],
          "name": "Verdwijnt",
          "status": "correct",
        },
        Test {
          "diff": Diff {
            "actual": "true",
            "expected": "true",
          },
          "feedback": "Voedsel 2 wacht één seconde.",
          "messages": [],
          "name": "Wacht",
          "status": "correct",
        },
        Test {
          "diff": Diff {
            "actual": "true",
            "expected": "true",
          },
          "feedback": "Voedsel 2 gaat naar een willekeurige positie.",
          "messages": [],
          "name": "Willekeurige positie",
          "status": "correct",
        },
        Test {
          "diff": Diff {
            "actual": "looks_show",
            "expected": "looks_show",
          },
          "feedback": ":AIO_TP_VerschijntJuist",
          "messages": [],
          "name": "Verschijn",
          "status": "correct",
        },
        Test {
          "diff": Diff {
            "actual": "true",
            "expected": "true",
          },
          "feedback": "Voedsel 2 beweegt in een willekeurige richting tot het de planeet raakt.",
          "messages": [],
          "name": "Beweeg tot raak",
          "status": "correct",
        },
      ],
      "messages": [],
      "name": "Test voor Voedsel 2",
      "sprite": undefined,
      "status": undefined,
      "summary": undefined,
      "visibility": "show",
    },
    Group {
      "children": [
        Test {
          "diff": Diff {
            "actual": "control_forever",
            "expected": "control_forever",
          },
          "feedback": "De planeet kan oneindig lang bewegen.",
          "messages": [],
          "name": "Juiste lus",
          "status": "correct",
        },
        Test {
          "diff": Diff {
            "actual": "looks_hide",
            "expected": "looks_hide",
          },
          "feedback": "Voedsel 3 begint onzichtbaar.",
          "messages": [],
          "name": "Verdwijnt",
          "status": "correct",
        },
        Test {
          "diff": Diff {
            "actual": "true",
            "expected": "true",
          },
          "feedback": "Voedsel 3 wacht één seconde.",
          "messages": [],
          "name": "Wacht",
          "status": "correct",
        },
        Test {
          "diff": Diff {
            "actual": "true",
            "expected": "true",
          },
          "feedback": "Voedsel 3 gaat naar een willekeurige positie.",
          "messages": [],
          "name": "Willekeurige positie",
          "status": "correct",
        },
        Test {
          "diff": Diff {
            "actual": "looks_show",
            "expected": "looks_show",
          },
          "feedback": ":AIO_TP_VerschijntJuist",
          "messages": [],
          "name": "Verschijn",
          "status": "correct",
        },
        Test {
          "diff": Diff {
            "actual": "true",
            "expected": "true",
          },
          "feedback": "Voedsel 3 beweegt in een willekeurige richting tot het de planeet raakt.",
          "messages": [],
          "name": "Beweeg tot raak",
          "status": "correct",
        },
      ],
      "messages": [],
      "name": "Test voor Voedsel 3",
      "sprite": undefined,
      "status": undefined,
      "summary": undefined,
      "visibility": "show",
    },
    Group {
      "children": [
        Test {
          "diff": Diff {
            "actual": "control_forever",
            "expected": "control_forever",
          },
          "feedback": "De planeet kan oneindig lang bewegen.",
          "messages": [],
          "name": "Juiste lus",
          "status": "correct",
        },
        Test {
          "diff": Diff {
            "actual": "looks_hide",
            "expected": "looks_hide",
          },
          "feedback": "Voedsel 4 begint onzichtbaar.",
          "messages": [],
          "name": "Verdwijnt",
          "status": "correct",
        },
        Test {
          "diff": Diff {
            "actual": "true",
            "expected": "true",
          },
          "feedback": "Voedsel 4 wacht één seconde.",
          "messages": [],
          "name": "Wacht",
          "status": "correct",
        },
        Test {
          "diff": Diff {
            "actual": "true",
            "expected": "true",
          },
          "feedback": "Voedsel 4 gaat naar een willekeurige positie.",
          "messages": [],
          "name": "Willekeurige positie",
          "status": "correct",
        },
        Test {
          "diff": Diff {
            "actual": "looks_show",
            "expected": "looks_show",
          },
          "feedback": ":AIO_TP_VerschijntJuist",
          "messages": [],
          "name": "Verschijn",
          "status": "correct",
        },
        Test {
          "diff": Diff {
            "actual": "true",
            "expected": "true",
          },
          "feedback": "Voedsel 4 beweegt in een willekeurige richting tot het de planeet raakt.",
          "messages": [],
          "name": "Beweeg tot raak",
          "status": "correct",
        },
      ],
      "messages": [],
      "name": "Test voor Voedsel 4",
      "sprite": undefined,
      "status": undefined,
      "summary": undefined,
      "visibility": "show",
    },
  ],
  "messages": [],
  "meta": Meta {
    "correctTests": 53,
    "totalTests": 53,
  },
  "status": "runtime error",
  "version": 2,
}
`;
