// Jest Snapshot v1, https://goo.gl/fbAQLP

exports[`normal usage 1`] = `
[
  {
    "command": "start-judgement",
    "version": 2,
  },
  {
    "command": "start-group",
    "name": "Groep 1",
    "sprite": undefined,
    "tags": "test-sprite",
    "visibility": "show",
  },
  {
    "command": "start-test",
    "name": "Hallo one test...",
    "tags": [],
  },
  {
    "command": "append-message",
    "message": "Hallo",
  },
  {
    "actual": "actual",
    "command": "append-diff",
    "expected": "expected",
  },
  {
    "command": "close-test",
    "feedback": "Wrong",
    "status": "wrong",
  },
  {
    "command": "close-group",
    "summary": "A nice summary",
  },
  {
    "command": "close-judgement",
  },
]
`;
